== 2026-07-12T02:25:05-04:00 season=2025 dataset=adv_team
adv_team 2025: 1912 rows from 958 games
== 2026-07-12T02:25:34-04:00 season=2025 dataset=adv_passing
adv_passing 2025: 1972 rows from 958 games
== 2026-07-12T02:26:05-04:00 season=2025 dataset=adv_rushing
adv_rushing 2025: 10495 rows from 958 games
== 2026-07-12T02:26:33-04:00 season=2025 dataset=adv_receiving
adv_receiving 2025: 18817 rows from 958 games
== 2026-07-12T02:27:09-04:00 season=2025 dataset=adv_defensive
adv_defensive 2025: 1912 rows from 958 games
== 2026-07-12T02:27:43-04:00 season=2025 dataset=adv_turnover
adv_turnover 2025: 1912 rows from 958 games
== 2026-07-12T02:28:15-04:00 season=2025 dataset=adv_drives
adv_drives 2025: 1912 rows from 958 games
== 2026-07-12T02:28:45-04:00 season=2025 dataset=adv_situational
adv_situational 2025: 1912 rows from 958 games
== 2026-07-12T02:29:16-04:00 season=2025 dataset=adv_defensive_players
adv_defensive_players 2025: 8572 rows from 958 games
== 2026-07-12T02:29:46-04:00 season=2025 dataset=adv_specialists
adv_specialists 2025: 8532 rows from 958 games
== 2026-07-12T02:30:20-04:00 season=2025 dataset=drives
drives 2025: 22489 rows from 958 games
== 2026-07-12T02:30:50-04:00 season=2025 dataset=play_participants
play_participants 2025: 154653 rows from 958 games
== 2026-07-12T02:31:26-04:00 season=2025 dataset=player_box
player_box 2025: 80496 rows from 958 games
== 2026-07-12T02:32:06-04:00 season=2025 dataset=team_box
team_box 2025: 1916 rows from 958 games
== 2026-07-12T02:32:44-04:00 season=2025 dataset=schedules
schedules 2025: 958 rows from 958 games
== 2026-07-12T02:33:14-04:00 season=2025 dataset=betting
betting 2025: 958 rows from 958 games
== 2026-07-12T02:33:46-04:00 season=2025 dataset=power_index
power_index 2025: 1868 rows from 958 games
JOB_DONE=0
