drives 2020 [cfb]: uploaded=2
drives 2021 [cfb]: uploaded=2
drives 2022 [cfb]: uploaded=2
drives 2023 [cfb]: uploaded=2
game_rosters 2004 [cfb]: uploaded=2
game_rosters 2005 [cfb]: uploaded=2
game_rosters 2006 [cfb]: uploaded=2
game_rosters 2007 [cfb]: uploaded=2
game_rosters 2008 [cfb]: uploaded=2
game_rosters 2009 [cfb]: uploaded=2
game_rosters 2010 [cfb]: uploaded=2
game_rosters 2011 [cfb]: uploaded=2
game_rosters 2012 [cfb]: uploaded=2
game_rosters 2013 [cfb]: uploaded=2
game_rosters 2014 [cfb]: uploaded=2
game_rosters 2015 [cfb]: uploaded=2
game_rosters 2016 [cfb]: uploaded=2
game_rosters 2017 [cfb]: uploaded=2
game_rosters 2018 [cfb]: uploaded=2
game_rosters 2019 [cfb]: uploaded=2
game_rosters 2020 [cfb]: uploaded=2
game_rosters 2021 [cfb]: uploaded=2
game_rosters 2022 [cfb]: uploaded=2
linescores 2004 [cfb]: uploaded=2
linescores 2005 [cfb]: uploaded=2
linescores 2006 [cfb]: uploaded=2
linescores 2007 [cfb]: uploaded=2
linescores 2008 [cfb]: uploaded=2
linescores 2009 [cfb]: uploaded=2
linescores 2010 [cfb]: uploaded=2
linescores 2011 [cfb]: uploaded=2
linescores 2012 [cfb]: uploaded=2
linescores 2013 [cfb]: uploaded=2
linescores 2014 [cfb]: uploaded=2
linescores 2015 [cfb]: uploaded=2
linescores 2016 [cfb]: uploaded=2
linescores 2017 [cfb]: uploaded=2
linescores 2018 [cfb]: uploaded=2
linescores 2019 [cfb]: uploaded=2
linescores 2020 [cfb]: uploaded=2
linescores 2021 [cfb]: uploaded=2
linescores 2022 [cfb]: uploaded=2
linescores 2023 [cfb]: uploaded=2
linescores 2024 [cfb]: uploaded=2
linescores 2025 [cfb]: uploaded=2
play_participants 2014 [cfb]: uploaded=2
play_participants 2015 [cfb]: uploaded=2
play_participants 2016 [cfb]: uploaded=2
play_participants 2017 [cfb]: uploaded=2
play_participants 2018 [cfb]: uploaded=2
play_participants 2019 [cfb]: uploaded=2
play_participants 2020 [cfb]: uploaded=2
play_participants 2021 [cfb]: uploaded=2
play_participants 2022 [cfb]: uploaded=2
play_participants 2023 [cfb]: uploaded=2
player_box 2004 [cfb]: uploaded=2
player_box 2005 [cfb]: uploaded=2
player_box 2006 [cfb]: uploaded=2
player_box 2007 [cfb]: uploaded=2
player_box 2008 [cfb]: uploaded=2
player_box 2009 [cfb]: uploaded=2
player_box 2010 [cfb]: uploaded=2
player_box 2011 [cfb]: uploaded=2
player_box 2012 [cfb]: uploaded=2
player_box 2013 [cfb]: uploaded=2
player_box 2014 [cfb]: uploaded=2
player_box 2015 [cfb]: uploaded=2
player_box 2016 [cfb]: uploaded=2
player_box 2017 [cfb]: uploaded=2
player_box 2018 [cfb]: uploaded=2
player_box 2019 [cfb]: uploaded=2
player_box 2020 [cfb]: uploaded=2
player_box 2021 [cfb]: uploaded=2
player_box 2022 [cfb]: uploaded=2
player_box 2023 [cfb]: uploaded=2
power_index 2015 [cfb]: uploaded=2
power_index 2016 [cfb]: uploaded=2
power_index 2017 [cfb]: uploaded=2
power_index 2018 [cfb]: uploaded=2
power_index 2019 [cfb]: uploaded=2
power_index 2020 [cfb]: uploaded=2
power_index 2021 [cfb]: uploaded=2
power_index 2022 [cfb]: uploaded=2
power_index 2023 [cfb]: uploaded=2
power_index 2025 [cfb]: uploaded=2
schedules 2004 [cfb]: uploaded=2
schedules 2005 [cfb]: uploaded=2
schedules 2006 [cfb]: uploaded=2
schedules 2007 [cfb]: uploaded=2
schedules 2008 [cfb]: uploaded=2
schedules 2009 [cfb]: uploaded=2
schedules 2010 [cfb]: uploaded=2
schedules 2011 [cfb]: uploaded=2
schedules 2012 [cfb]: uploaded=2
schedules 2013 [cfb]: uploaded=2
schedules 2014 [cfb]: uploaded=2
schedules 2015 [cfb]: uploaded=2
schedules 2016 [cfb]: uploaded=2
schedules 2017 [cfb]: uploaded=2
schedules 2018 [cfb]: uploaded=2
schedules 2019 [cfb]: uploaded=2
schedules 2020 [cfb]: uploaded=2
schedules 2021 [cfb]: uploaded=2
schedules 2022 [cfb]: uploaded=2
schedules 2023 [cfb]: uploaded=2
team_box 2004 [cfb]: uploaded=2
team_box 2005 [cfb]: uploaded=2
team_box 2006 [cfb]: uploaded=2
team_box 2007 [cfb]: uploaded=2
team_box 2008 [cfb]: uploaded=2
team_box 2009 [cfb]: uploaded=2
team_box 2010 [cfb]: uploaded=2
team_box 2011 [cfb]: uploaded=2
team_box 2012 [cfb]: uploaded=2
team_box 2013 [cfb]: uploaded=2
team_box 2014 [cfb]: uploaded=2
team_box 2015 [cfb]: uploaded=2
team_box 2016 [cfb]: uploaded=2
team_box 2017 [cfb]: uploaded=2
team_box 2018 [cfb]: uploaded=2
team_box 2019 [cfb]: uploaded=2
team_box 2020 [cfb]: uploaded=2
team_box 2021 [cfb]: uploaded=2
team_box 2022 [cfb]: uploaded=2
team_box 2023 [cfb]: uploaded=2
adv_defensive 2025 [cfb_2025pass]: uploaded=2
adv_defensive_players 2025 [cfb_2025pass]: uploaded=2
adv_drives 2025 [cfb_2025pass]: uploaded=2
adv_passing 2025 [cfb_2025pass]: uploaded=2
adv_receiving 2025 [cfb_2025pass]: uploaded=2
adv_rushing 2025 [cfb_2025pass]: uploaded=2
adv_situational 2025 [cfb_2025pass]: uploaded=2
adv_specialists 2025 [cfb_2025pass]: uploaded=2
adv_team 2025 [cfb_2025pass]: uploaded=2
adv_turnover 2025 [cfb_2025pass]: uploaded=2
betting 2025 [cfb_2025pass]: uploaded=2
drives 2025 [cfb_2025pass]: uploaded=2
play_participants 2025 [cfb_2025pass]: uploaded=2
player_box 2025 [cfb_2025pass]: uploaded=2
schedules 2025 [cfb_2025pass]: uploaded=2
team_box 2025 [cfb_2025pass]: uploaded=2
=== FAILURES ===
PUBLISH_DONE uploaded=282 skipped_existing=239 failures=0
RESUME_EXIT=0
